1:"$Sreact.fragment"
2:I[3704,["193","static/chunks/193-ac574b176316b8ab.js","355","static/chunks/355-588b6916930f0b3e.js","559","static/chunks/559-306cd64b20857bec.js","177","static/chunks/app/layout-9dcc5dd819e52112.js"],""]
3:I[8610,["193","static/chunks/193-ac574b176316b8ab.js","355","static/chunks/355-588b6916930f0b3e.js","559","static/chunks/559-306cd64b20857bec.js","177","static/chunks/app/layout-9dcc5dd819e52112.js"],"ThemeProvider"]
4:I[8679,["193","static/chunks/193-ac574b176316b8ab.js","355","static/chunks/355-588b6916930f0b3e.js","559","static/chunks/559-306cd64b20857bec.js","177","static/chunks/app/layout-9dcc5dd819e52112.js"],"default"]
5:I[5244,[],""]
6:I[3866,[],""]
7:I[7033,[],"ClientPageRoot"]
8:I[2003,["193","static/chunks/193-ac574b176316b8ab.js","276","static/chunks/app/test-results/page-a45d29bee611e6d6.js"],"default"]
b:I[6213,[],"OutletBoundary"]
d:I[6213,[],"MetadataBoundary"]
f:I[6213,[],"ViewportBoundary"]
11:I[4835,[],""]
:HL["/_next/static/css/8d7ff9d135ef7c17.css","style"]
0:{"P":null,"b":"bPRmr2TxEk_7F4Vq01Xwx","p":"","c":["","test-results"],"i":false,"f":[[["",{"children":["test-results",{"children":["__PAGE__",{}]}]},"$undefined","$undefined",true],["",["$","$1","c",{"children":[[["$","link","0",{"rel":"stylesheet","href":"/_next/static/css/8d7ff9d135ef7c17.css","precedence":"next","crossOrigin":"$undefined","nonce":"$undefined"}]],["$","html",null,{"lang":"en","suppressHydrationWarning":true,"children":[["$","head",null,{"children":["$","$L2",null,{"async":true,"src":"https://www.googletagmanager.com/gtag/js?id=G-LCTEHVBBX8"}]}],["$","body",null,{"className":"antialiased","children":["$","$L3",null,{"attribute":"class","defaultTheme":"system","enableSystem":true,"disableTransitionOnChange":true,"children":[["$","$L4",null,{}],["$","$L5",null,{"parallelRouterKey":"children","segmentPath":["children"],"error":"$undefined","errorStyles":"$undefined","errorScripts":"$undefined","template":["$","$L6",null,{}],"templateStyles":"$undefined","templateScripts":"$undefined","notFound":[[],[["$","title",null,{"children":"404: This page could not be found."}],["$","div",null,{"style":{"fontFamily":"system-ui,\"Segoe UI\",Roboto,Helvetica,Arial,sans-serif,\"Apple Color Emoji\",\"Segoe UI Emoji\"","height":"100vh","textAlign":"center","display":"flex","flexDirection":"column","alignItems":"center","justifyContent":"center"},"children":["$","div",null,{"children":[["$","style",null,{"dangerouslySetInnerHTML":{"__html":"body{color:#000;background:#fff;margin:0}.next-error-h1{border-right:1px solid rgba(0,0,0,.3)}@media (prefers-color-scheme:dark){body{color:#fff;background:#000}.next-error-h1{border-right:1px solid rgba(255,255,255,.3)}}"}}],["$","h1",null,{"className":"next-error-h1","style":{"display":"inline-block","margin":"0 20px 0 0","padding":"0 23px 0 0","fontSize":24,"fontWeight":500,"verticalAlign":"top","lineHeight":"49px"},"children":404}],["$","div",null,{"style":{"display":"inline-block"},"children":["$","h2",null,{"style":{"fontSize":14,"fontWeight":400,"lineHeight":"49px","margin":0},"children":"This page could not be found."}]}]]}]}]]],"forbidden":"$undefined","unauthorized":"$undefined"}]]}]}]]}]]}],{"children":["test-results",["$","$1","c",{"children":[null,["$","$L5",null,{"parallelRouterKey":"children","segmentPath":["children","test-results","children"],"error":"$undefined","errorStyles":"$undefined","errorScripts":"$undefined","template":["$","$L6",null,{}],"templateStyles":"$undefined","templateScripts":"$undefined","notFound":"$undefined","forbidden":"$undefined","unauthorized":"$undefined"}]]}],{"children":["__PAGE__",["$","$1","c",{"children":[["$","$L7",null,{"Component":"$8","searchParams":{},"params":{},"promises":["$@9","$@a"]}],null,["$","$Lb",null,{"children":"$Lc"}]]}],{},null,false]},null,false]},null,false],["$","$1","h",{"children":[null,["$","$1","JKtC-ETEOGjk_Lp4SU5VW",{"children":[["$","$Ld",null,{"children":"$Le"}],["$","$Lf",null,{"children":"$L10"}],null]}]]}],false]],"m":"$undefined","G":["$11","$undefined"],"s":false,"S":true}
9:{}
a:{}
10:[["$","meta","0",{"name":"viewport","content":"width=device-width, initial-scale=1"}]]
e:[["$","meta","0",{"charSet":"utf-8"}],["$","title","1",{"children":"Hao (Michael) Hu"}],["$","meta","2",{"name":"description","content":"Hao (Michael) Hu, a senior software engineering professional"}],["$","meta","3",{"property":"og:title","content":"Hao (Michael) Hu"}],["$","meta","4",{"property":"og:description","content":"Hao (Michael) Hu, a senior software engineering professional"}],["$","meta","5",{"property":"og:image:type","content":"image/png"}],["$","meta","6",{"property":"og:image:width","content":"1536"}],["$","meta","7",{"property":"og:image:height","content":"1024"}],["$","meta","8",{"property":"og:image","content":"http://localhost:3000/opengraph-image.png?0e482c673cf561d0"}],["$","meta","9",{"name":"twitter:card","content":"summary_large_image"}],["$","meta","10",{"name":"twitter:title","content":"Hao (Michael) Hu"}],["$","meta","11",{"name":"twitter:description","content":"Hao (Michael) Hu, a senior software engineering professional"}],["$","meta","12",{"name":"twitter:image:type","content":"image/png"}],["$","meta","13",{"name":"twitter:image:width","content":"1536"}],["$","meta","14",{"name":"twitter:image:height","content":"1024"}],["$","meta","15",{"name":"twitter:image","content":"http://localhost:3000/twitter-image.png?0e482c673cf561d0"}],["$","link","16",{"rel":"icon","href":"/favicon.ico","type":"image/x-icon","sizes":"15x16"}],["$","link","17",{"rel":"icon","href":"/icon.png?80cdbe4dcf560f21","type":"image/png","sizes":"512x512"}],["$","link","18",{"rel":"apple-touch-icon","href":"/apple-icon.png?16dbe0ba40aac641","type":"image/png","sizes":"180x180"}]]
c:null
